// Jest Snapshot v1, https://goo.gl/fbAQLP

exports[`AccountPage Component should render AuthenticationPage Component 1`] = `
<div>
  <div
    className="container"
  >
    <br />
    <div
      className="row"
    >
      <div
        className="col l8 offset-l2 s12"
      >
        <center>
          <div
            className="z-depth-1 account"
          >
            <div
              className="row"
            >
              <div
                className="col s12 s12"
              >
                <ul
                  className="tabs"
                  id="tabs-swipe-demo"
                >
                  <li
                    className="tab col l6 s6"
                  >
                    <a
                      className="active"
                      href="#test-swipe-1"
                    >
                      SIGN IN
                    </a>
                  </li>
                  <li
                    className="tab col l6 s6"
                  >
                    <a
                      href="#test-swipe-2"
                    >
                      SIGN UP
                    </a>
                  </li>
                </ul>
              </div>
              <div>
                <Connect(SignupContainer) />
                <Connect(SigninContainer) />
              </div>
            </div>
          </div>
        </center>
      </div>
    </div>
  </div>
</div>
`;
